Renesas Optimizing Linker (W2.06.00 )             28-Feb-2025 07:39:58

*** Options ***

-subcommand=Linkertekuno2.tmp
-noprelink
-input=".\generate\dbsct.obj"
-input=".\generate\hwsetup.obj"
-input=".\generate\intprg.obj"
-input=".\generate\resetprg.obj"
-input=".\generate\sbrk.obj"
-input=".\generate\vecttbl.obj"
-input=".\src\ad.obj"
-input=".\src\auto_play.obj"
-input=".\src\battle.obj"
-input=".\src\clock.obj"
-input=".\src\damage.obj"
-input=".\src\flash.obj"
-input=".\src\game.obj"
-input=".\src\initialize.obj"
-input=".\src\lcd.obj"
-input=".\src\main.obj"
-input=".\src\output_led.obj"
-input=".\src\output_speaker.obj"
-input=".\src\port.obj"
-input=".\src\puzzle.obj"
-input=".\src\sci.obj"
-input=".\src\score.obj"
-input=".\src\sw.obj"
-input=".\src\timer.obj"
-library=".\tekuno2.lib"
-start=SU,SI,B_1,R_1,B_2,R_2,B,R/04,PResetPRG,C_1,C_2,C,C$*,D*,W*,L,PIntPRG,P/0FFF80000,FIXEDVECT/0FFFFFF80
-output="tekuno2.abs"
-form=absolute
-nomessage
-list=tekuno2.map
-nooptimize
-rom=D=R,D_1=R_1,D_2=R_2
-cpu=RAM=00000000-00017fff,FIX=00080000-00083fff,FIX=00086000-00087fff,FIX=00088000-0009ffff,FIX=000a0000-000bffff,ROM=00100000-00107fff,FIX=007fc000-007fc4ff,FIX=007ffc00-007fffff,ROM=fff80000-ffffffff
-nologo

*** Error information ***

*** Mapping List ***

SECTION                            START      END         SIZE   ALIGN

SU
                                  00000004  00000103       100   4
SI
                                  00000104  00000403       300   4
B_1
                                  00000404  00000516       113   1
R_1
                                  00000517  00000572        5c   1
B_2
                                  00000574  00000575         2   2
R_2
                                  00000576  000007af       23a   2
B
                                  000007b0  00000c37       488   4
R
                                  00000c38  000012bb       684   4
PResetPRG
                                  fff80000  fff8002f        30   1
C_1
                                  fff80030  fff81cf7      1cc8   1
C_2
                                  fff81cf8  fff83aff      1e08   2
C
                                  fff83b00  fff83d27       228   4
C$DSEC
                                  fff83d28  fff83d4b        24   4
C$BSEC
                                  fff83d4c  fff83d63        18   4
C$INIT
                                  fff83d64  fff83d64         0   1
C$VECT
                                  fff83d64  fff84163       400   4
C$VTBL
                                  fff84164  fff84164         0   1
D
                                  fff84164  fff847e7       684   4
D_1
                                  fff847e8  fff84843        5c   1
D_2
                                  fff84844  fff84a7d       23a   2
W
                                  fff84a80  fff84a80         0   4
W_1
                                  fff84a80  fff84a80         0   1
W_2
                                  fff84a80  fff84b27        a8   2
L
                                  fff84b28  fff84ba0        79   4
PIntPRG
                                  fff84ba1  fff84d3e       19e   1
P
                                  fff84d3f  fff8a66e      5930   1
FIXEDVECT
                                  ffffff80  ffffffff        80   4
