Renesas Optimizing Linker (W2.06.00 )             08-Mar-2025 22:01:44

*** Options ***

-subcommand=Linkertekuno2.tmp
-noprelink
-input=".\generate\dbsct.obj"
-input=".\generate\hwsetup.obj"
-input=".\generate\intprg.obj"
-input=".\generate\resetprg.obj"
-input=".\generate\sbrk.obj"
-input=".\generate\vecttbl.obj"
-input=".\src\ad.obj"
-input=".\src\auto_play.obj"
-input=".\src\battle.obj"
-input=".\src\clock.obj"
-input=".\src\damage.obj"
-input=".\src\flash.obj"
-input=".\src\game.obj"
-input=".\src\initialize.obj"
-input=".\src\lcd.obj"
-input=".\src\main.obj"
-input=".\src\output_led.obj"
-input=".\src\output_speaker.obj"
-input=".\src\port.obj"
-input=".\src\puzzle.obj"
-input=".\src\sci.obj"
-input=".\src\score.obj"
-input=".\src\sw.obj"
-input=".\src\timer.obj"
-library=".\tekuno2.lib"
-start=SU,SI,B_1,R_1,B_2,R_2,B,R/04,PResetPRG,C_1,C_2,C,C$*,D*,W*,L,PIntPRG,P/0FFF80000,FIXEDVECT/0FFFFFF80
-output="tekuno2.abs"
-form=absolute
-nomessage
-list=tekuno2.map
-nooptimize
-rom=D=R,D_1=R_1,D_2=R_2
-cpu=RAM=00000000-00017fff,FIX=00080000-00083fff,FIX=00086000-00087fff,FIX=00088000-0009ffff,FIX=000a0000-000bffff,ROM=00100000-00107fff,FIX=007fc000-007fc4ff,FIX=007ffc00-007fffff,ROM=fff80000-ffffffff
-nologo

*** Error information ***

*** Mapping List ***

SECTION                            START      END         SIZE   ALIGN

SU
                                  00000004  00000103       100   4
SI
                                  00000104  00000403       300   4
B_1
                                  00000404  00002496      2093   1
R_1
                                  00002497  0000250e        78   1
B_2
                                  00002510  00002559        4a   2
R_2
                                  0000255a  00002795       23c   2
B
                                  00002798  00002c27       490   4
R
                                  00002c28  0000312b       504   4
PResetPRG
                                  fff80000  fff8002f        30   1
C_1
                                  fff80030  fff81d6d      1d3e   1
C_2
                                  fff81d6e  fff83b75      1e08   2
C
                                  fff83b78  fff83f1f       3a8   4
C$DSEC
                                  fff83f20  fff83f43        24   4
C$BSEC
                                  fff83f44  fff83f5b        18   4
C$INIT
                                  fff83f5c  fff83f5c         0   1
C$VECT
                                  fff83f5c  fff8435b       400   4
C$VTBL
                                  fff8435c  fff8435c         0   1
D
                                  fff8435c  fff8485f       504   4
D_1
                                  fff84860  fff848d7        78   1
D_2
                                  fff848d8  fff84b13       23c   2
W
                                  fff84b14  fff84b14         0   4
W_1
                                  fff84b14  fff84b14         0   1
W_2
                                  fff84b14  fff84bbb        a8   2
L
                                  fff84bbc  fff84ccc       111   4
PIntPRG
                                  fff84ccd  fff84e6a       19e   1
P
                                  fff84e6b  fff8ab2f      5cc5   1
FIXEDVECT
                                  ffffff80  ffffffff        80   4
