Renesas Optimizing Linker (W2.06.00 )             16-Feb-2025 21:43:36

*** Options ***

-subcommand=Linkertekuno2.tmp
-noprelink
-input=".\generate\dbsct.obj"
-input=".\generate\hwsetup.obj"
-input=".\generate\intprg.obj"
-input=".\generate\resetprg.obj"
-input=".\generate\sbrk.obj"
-input=".\generate\vecttbl.obj"
-input=".\src\ad.obj"
-input=".\src\auto_play.obj"
-input=".\src\battle.obj"
-input=".\src\clock.obj"
-input=".\src\damage.obj"
-input=".\src\flash.obj"
-input=".\src\game.obj"
-input=".\src\initialize.obj"
-input=".\src\lcd.obj"
-input=".\src\main.obj"
-input=".\src\output_led.obj"
-input=".\src\output_speaker.obj"
-input=".\src\port.obj"
-input=".\src\puzzle.obj"
-input=".\src\sci.obj"
-input=".\src\sw.obj"
-input=".\src\timer.obj"
-library=".\tekuno2.lib"
-start=SU,SI,B_1,R_1,B_2,R_2,B,R/04,PResetPRG,C_1,C_2,C,C$*,D*,W*,L,PIntPRG,P/0FFF80000,FIXEDVECT/0FFFFFF80
-output="tekuno2.abs"
-form=absolute
-nomessage
-list=tekuno2.map
-nooptimize
-rom=D=R,D_1=R_1,D_2=R_2
-cpu=RAM=00000000-00017fff,FIX=00080000-00083fff,FIX=00086000-00087fff,FIX=00088000-0009ffff,FIX=000a0000-000bffff,ROM=00100000-00107fff,FIX=007fc000-007fc4ff,FIX=007ffc00-007fffff,ROM=fff80000-ffffffff
-nologo

*** Error information ***

*** Mapping List ***

SECTION                            START      END         SIZE   ALIGN

SU
                                  00000004  00000103       100   4
SI
                                  00000104  00000403       300   4
B_1
                                  00000404  00000717       314   1
R_1
                                  00000718  00000771        5a   1
B_2
                                  00000772  00000773         2   2
R_2
                                  00000774  00000c57       4e4   2
B
                                  00000c58  00001143       4ec   4
R
                                  00001144  0000179f       65c   4
PResetPRG
                                  fff80000  fff8002f        30   1
C_1
                                  fff80030  fff819bb      198c   1
C_2
                                  fff819bc  fff8347d      1ac2   2
C
                                  fff83480  fff83787       308   4
C$DSEC
                                  fff83788  fff837ab        24   4
C$BSEC
                                  fff837ac  fff837c3        18   4
C$INIT
                                  fff837c4  fff837c4         0   1
C$VECT
                                  fff837c4  fff83bc3       400   4
C$VTBL
                                  fff83bc4  fff83bc4         0   1
D
                                  fff83bc4  fff8421f       65c   4
D_1
                                  fff84220  fff84279        5a   1
D_2
                                  fff8427a  fff8475d       4e4   2
W
                                  fff84760  fff84760         0   4
W_1
                                  fff84760  fff84760         0   1
W_2
                                  fff84760  fff8480f        b0   2
L
                                  fff84810  fff848e8        d9   4
PIntPRG
                                  fff848e9  fff84a86       19e   1
P
                                  fff84a87  fff8a215      578f   1
FIXEDVECT
                                  ffffff80  ffffffff        80   4
