Renesas Optimizing Linker (W2.06.00 )             19-Feb-2025 22:09:11

*** Options ***

-subcommand=Linkertekuno2.tmp
-noprelink
-input=".\generate\dbsct.obj"
-input=".\generate\hwsetup.obj"
-input=".\generate\intprg.obj"
-input=".\generate\resetprg.obj"
-input=".\generate\sbrk.obj"
-input=".\generate\vecttbl.obj"
-input=".\src\ad.obj"
-input=".\src\auto_play.obj"
-input=".\src\battle.obj"
-input=".\src\clock.obj"
-input=".\src\damage.obj"
-input=".\src\flash.obj"
-input=".\src\game.obj"
-input=".\src\initialize.obj"
-input=".\src\lcd.obj"
-input=".\src\main.obj"
-input=".\src\output_led.obj"
-input=".\src\output_speaker.obj"
-input=".\src\port.obj"
-input=".\src\puzzle.obj"
-input=".\src\sci.obj"
-input=".\src\sw.obj"
-input=".\src\timer.obj"
-library=".\tekuno2.lib"
-start=SU,SI,B_1,R_1,B_2,R_2,B,R/04,PResetPRG,C_1,C_2,C,C$*,D*,W*,L,PIntPRG,P/0FFF80000,FIXEDVECT/0FFFFFF80
-output="tekuno2.abs"
-form=absolute
-nomessage
-list=tekuno2.map
-nooptimize
-rom=D=R,D_1=R_1,D_2=R_2
-cpu=RAM=00000000-00017fff,FIX=00080000-00083fff,FIX=00086000-00087fff,FIX=00088000-0009ffff,FIX=000a0000-000bffff,ROM=00100000-00107fff,FIX=007fc000-007fc4ff,FIX=007ffc00-007fffff,ROM=fff80000-ffffffff
-nologo

*** Error information ***

*** Mapping List ***

SECTION                            START      END         SIZE   ALIGN

SU
                                  00000004  00000103       100   4
SI
                                  00000104  00000403       300   4
B_1
                                  00000404  00000716       313   1
R_1
                                  00000717  00000771        5b   1
B_2
                                  00000772  00000773         2   2
R_2
                                  00000774  00000c57       4e4   2
B
                                  00000c58  00001143       4ec   4
R
                                  00001144  000017b7       674   4
PResetPRG
                                  fff80000  fff8002f        30   1
C_1
                                  fff80030  fff819fb      19cc   1
C_2
                                  fff819fc  fff834c3      1ac8   2
C
                                  fff834c4  fff837cb       308   4
C$DSEC
                                  fff837cc  fff837ef        24   4
C$BSEC
                                  fff837f0  fff83807        18   4
C$INIT
                                  fff83808  fff83808         0   1
C$VECT
                                  fff83808  fff83c07       400   4
C$VTBL
                                  fff83c08  fff83c08         0   1
D
                                  fff83c08  fff8427b       674   4
D_1
                                  fff8427c  fff842d6        5b   1
D_2
                                  fff842d8  fff847bb       4e4   2
W
                                  fff847bc  fff847bc         0   4
W_1
                                  fff847bc  fff847bc         0   1
W_2
                                  fff847bc  fff84863        a8   2
L
                                  fff84864  fff8493c        d9   4
PIntPRG
                                  fff8493d  fff84ada       19e   1
P
                                  fff84adb  fff8a211      5737   1
FIXEDVECT
                                  ffffff80  ffffffff        80   4
