Renesas Optimizing Linker (W2.06.00 )             23-Feb-2025 23:12:19

*** Options ***

-subcommand=Linkertekuno2.tmp
-noprelink
-input=".\generate\dbsct.obj"
-input=".\generate\hwsetup.obj"
-input=".\generate\intprg.obj"
-input=".\generate\resetprg.obj"
-input=".\generate\sbrk.obj"
-input=".\generate\vecttbl.obj"
-input=".\src\ad.obj"
-input=".\src\auto_play.obj"
-input=".\src\battle.obj"
-input=".\src\clock.obj"
-input=".\src\damage.obj"
-input=".\src\flash.obj"
-input=".\src\game.obj"
-input=".\src\initialize.obj"
-input=".\src\lcd.obj"
-input=".\src\main.obj"
-input=".\src\output_led.obj"
-input=".\src\output_speaker.obj"
-input=".\src\port.obj"
-input=".\src\puzzle.obj"
-input=".\src\sci.obj"
-input=".\src\sw.obj"
-input=".\src\timer.obj"
-library=".\tekuno2.lib"
-start=SU,SI,B_1,R_1,B_2,R_2,B,R/04,PResetPRG,C_1,C_2,C,C$*,D*,W*,L,PIntPRG,P/0FFF80000,FIXEDVECT/0FFFFFF80
-output="tekuno2.abs"
-form=absolute
-nomessage
-list=tekuno2.map
-nooptimize
-rom=D=R,D_1=R_1,D_2=R_2
-cpu=RAM=00000000-00017fff,FIX=00080000-00083fff,FIX=00086000-00087fff,FIX=00088000-0009ffff,FIX=000a0000-000bffff,ROM=00100000-00107fff,FIX=007fc000-007fc4ff,FIX=007ffc00-007fffff,ROM=fff80000-ffffffff
-nologo

*** Error information ***

*** Mapping List ***

SECTION                            START      END         SIZE   ALIGN

SU
                                  00000004  00000103       100   4
SI
                                  00000104  00000403       300   4
B_1
                                  00000404  00000516       113   1
R_1
                                  00000517  00000572        5c   1
B_2
                                  00000574  00000575         2   2
R_2
                                  00000576  000007af       23a   2
B
                                  000007b0  00000c9b       4ec   4
R
                                  00000c9c  00001313       678   4
PResetPRG
                                  fff80000  fff8002f        30   1
C_1
                                  fff80030  fff81cb4      1c85   1
C_2
                                  fff81cb6  fff83abd      1e08   2
C
                                  fff83ac0  fff83c9f       1e0   4
C$DSEC
                                  fff83ca0  fff83cc3        24   4
C$BSEC
                                  fff83cc4  fff83cdb        18   4
C$INIT
                                  fff83cdc  fff83cdc         0   1
C$VECT
                                  fff83cdc  fff840db       400   4
C$VTBL
                                  fff840dc  fff840dc         0   1
D
                                  fff840dc  fff84753       678   4
D_1
                                  fff84754  fff847af        5c   1
D_2
                                  fff847b0  fff849e9       23a   2
W
                                  fff849ec  fff849ec         0   4
W_1
                                  fff849ec  fff849ec         0   1
W_2
                                  fff849ec  fff84a93        a8   2
L
                                  fff84a94  fff84b00        6d   4
PIntPRG
                                  fff84b01  fff84c9e       19e   1
P
                                  fff84c9f  fff8a5f5      5957   1
FIXEDVECT
                                  ffffff80  ffffffff        80   4
