Renesas Optimizing Linker (W2.06.00 )             11-Feb-2025 21:06:34

*** Options ***

-subcommand=Linkertekuno2.tmp
-noprelink
-input=".\generate\dbsct.obj"
-input=".\generate\hwsetup.obj"
-input=".\generate\intprg.obj"
-input=".\generate\resetprg.obj"
-input=".\generate\sbrk.obj"
-input=".\generate\vecttbl.obj"
-input=".\src\ad.obj"
-input=".\src\auto_play.obj"
-input=".\src\battle.obj"
-input=".\src\clock.obj"
-input=".\src\damage.obj"
-input=".\src\flash.obj"
-input=".\src\game.obj"
-input=".\src\initialize.obj"
-input=".\src\lcd.obj"
-input=".\src\main.obj"
-input=".\src\output_led.obj"
-input=".\src\output_speaker.obj"
-input=".\src\port.obj"
-input=".\src\puzzle.obj"
-input=".\src\sci.obj"
-input=".\src\sw.obj"
-input=".\src\timer.obj"
-library=".\tekuno2.lib"
-start=SU,SI,B_1,R_1,B_2,R_2,B,R/04,PResetPRG,C_1,C_2,C,C$*,D*,W*,L,PIntPRG,P/0FFF80000,FIXEDVECT/0FFFFFF80
-output="tekuno2.abs"
-form=absolute
-nomessage
-list=tekuno2.map
-nooptimize
-rom=D=R,D_1=R_1,D_2=R_2
-cpu=RAM=00000000-00017fff,FIX=00080000-00083fff,FIX=00086000-00087fff,FIX=00088000-0009ffff,FIX=000a0000-000bffff,ROM=00100000-00107fff,FIX=007fc000-007fc4ff,FIX=007ffc00-007fffff,ROM=fff80000-ffffffff
-nologo

*** Error information ***

*** Mapping List ***

SECTION                            START      END         SIZE   ALIGN

SU
                                  00000004  00000103       100   4
SI
                                  00000104  00000403       300   4
B_1
                                  00000404  00000717       314   1
R_1
                                  00000718  00000771        5a   1
B_2
                                  00000772  00000773         2   2
R_2
                                  00000774  00000c57       4e4   2
B
                                  00000c58  000010f3       49c   4
R
                                  000010f4  00001767       674   4
PResetPRG
                                  fff80000  fff8002f        30   1
C_1
                                  fff80030  fff818fc      18cd   1
C_2
                                  fff818fe  fff83239      193c   2
C
                                  fff8323c  fff8353b       300   4
C$DSEC
                                  fff8353c  fff8355f        24   4
C$BSEC
                                  fff83560  fff83577        18   4
C$INIT
                                  fff83578  fff83578         0   1
C$VECT
                                  fff83578  fff83977       400   4
C$VTBL
                                  fff83978  fff83978         0   1
D
                                  fff83978  fff83feb       674   4
D_1
                                  fff83fec  fff84045        5a   1
D_2
                                  fff84046  fff84529       4e4   2
W
                                  fff8452c  fff8452c         0   4
W_1
                                  fff8452c  fff8452c         0   1
W_2
                                  fff8452c  fff845d7        ac   2
L
                                  fff845d8  fff846b0        d9   4
PIntPRG
                                  fff846b1  fff8484e       19e   1
P
                                  fff8484f  fff89fef      57a1   1
FIXEDVECT
                                  ffffff80  ffffffff        80   4
