Renesas Optimizing Linker (W2.06.00 )             02-Mar-2025 21:25:15

*** Options ***

-subcommand=Linkertekuno2.tmp
-noprelink
-input=".\generate\dbsct.obj"
-input=".\generate\hwsetup.obj"
-input=".\generate\intprg.obj"
-input=".\generate\resetprg.obj"
-input=".\generate\sbrk.obj"
-input=".\generate\vecttbl.obj"
-input=".\src\ad.obj"
-input=".\src\auto_play.obj"
-input=".\src\battle.obj"
-input=".\src\clock.obj"
-input=".\src\damage.obj"
-input=".\src\flash.obj"
-input=".\src\game.obj"
-input=".\src\initialize.obj"
-input=".\src\lcd.obj"
-input=".\src\main.obj"
-input=".\src\output_led.obj"
-input=".\src\output_speaker.obj"
-input=".\src\port.obj"
-input=".\src\puzzle.obj"
-input=".\src\sci.obj"
-input=".\src\score.obj"
-input=".\src\sw.obj"
-input=".\src\timer.obj"
-library=".\tekuno2.lib"
-start=SU,SI,B_1,R_1,B_2,R_2,B,R/04,PResetPRG,C_1,C_2,C,C$*,D*,W*,L,PIntPRG,P/0FFF80000,FIXEDVECT/0FFFFFF80
-output="tekuno2.abs"
-form=absolute
-nomessage
-list=tekuno2.map
-nooptimize
-rom=D=R,D_1=R_1,D_2=R_2
-cpu=RAM=00000000-00017fff,FIX=00080000-00083fff,FIX=00086000-00087fff,FIX=00088000-0009ffff,FIX=000a0000-000bffff,ROM=00100000-00107fff,FIX=007fc000-007fc4ff,FIX=007ffc00-007fffff,ROM=fff80000-ffffffff
-nologo

*** Error information ***

*** Mapping List ***

SECTION                            START      END         SIZE   ALIGN

SU
                                  00000004  00000103       100   4
SI
                                  00000104  00000403       300   4
B_1
                                  00000404  00000516       113   1
R_1
                                  00000517  0000058e        78   1
B_2
                                  00000590  00000591         2   2
R_2
                                  00000592  000007cd       23c   2
B
                                  000007d0  00000c63       494   4
R
                                  00000c64  00001167       504   4
PResetPRG
                                  fff80000  fff8002f        30   1
C_1
                                  fff80030  fff81d0d      1cde   1
C_2
                                  fff81d0e  fff83b15      1e08   2
C
                                  fff83b18  fff83ebf       3a8   4
C$DSEC
                                  fff83ec0  fff83ee3        24   4
C$BSEC
                                  fff83ee4  fff83efb        18   4
C$INIT
                                  fff83efc  fff83efc         0   1
C$VECT
                                  fff83efc  fff842fb       400   4
C$VTBL
                                  fff842fc  fff842fc         0   1
D
                                  fff842fc  fff847ff       504   4
D_1
                                  fff84800  fff84877        78   1
D_2
                                  fff84878  fff84ab3       23c   2
W
                                  fff84ab4  fff84ab4         0   4
W_1
                                  fff84ab4  fff84ab4         0   1
W_2
                                  fff84ab4  fff84b5b        a8   2
L
                                  fff84b5c  fff84bd4        79   4
PIntPRG
                                  fff84bd5  fff84d72       19e   1
P
                                  fff84d73  fff8a85e      5aec   1
FIXEDVECT
                                  ffffff80  ffffffff        80   4
