Renesas Optimizing Linker (W2.06.00 )             09-Feb-2025 21:54:07

*** Options ***

-subcommand=Linkertekuno2.tmp
-noprelink
-input=".\generate\dbsct.obj"
-input=".\generate\hwsetup.obj"
-input=".\generate\intprg.obj"
-input=".\generate\resetprg.obj"
-input=".\generate\sbrk.obj"
-input=".\generate\vecttbl.obj"
-input=".\src\ad.obj"
-input=".\src\auto_play.obj"
-input=".\src\battle.obj"
-input=".\src\clock.obj"
-input=".\src\damage.obj"
-input=".\src\flash.obj"
-input=".\src\game.obj"
-input=".\src\initialize.obj"
-input=".\src\lcd.obj"
-input=".\src\main.obj"
-input=".\src\output_led.obj"
-input=".\src\output_speaker.obj"
-input=".\src\port.obj"
-input=".\src\puzzle.obj"
-input=".\src\sci.obj"
-input=".\src\sw.obj"
-input=".\src\timer.obj"
-library=".\tekuno2.lib"
-start=SU,SI,B_1,R_1,B_2,R_2,B,R/04,PResetPRG,C_1,C_2,C,C$*,D*,W*,L,PIntPRG,P/0FFF80000,FIXEDVECT/0FFFFFF80
-output="tekuno2.abs"
-form=absolute
-nomessage
-list=tekuno2.map
-nooptimize
-rom=D=R,D_1=R_1,D_2=R_2
-cpu=RAM=00000000-00017fff,FIX=00080000-00083fff,FIX=00086000-00087fff,FIX=00088000-0009ffff,FIX=000a0000-000bffff,ROM=00100000-00107fff,FIX=007fc000-007fc4ff,FIX=007ffc00-007fffff,ROM=fff80000-ffffffff
-nologo

*** Error information ***

*** Mapping List ***

SECTION                            START      END         SIZE   ALIGN

SU
                                  00000004  00000103       100   4
SI
                                  00000104  00000403       300   4
B_1
                                  00000404  00000717       314   1
R_1
                                  00000718  00000771        5a   1
B_2
                                  00000772  00000773         2   2
R_2
                                  00000774  00000c57       4e4   2
B
                                  00000c58  000010f3       49c   4
R
                                  000010f4  00001767       674   4
PResetPRG
                                  fff80000  fff8002f        30   1
C_1
                                  fff80030  fff818fd      18ce   1
C_2
                                  fff818fe  fff8323d      1940   2
C
                                  fff83240  fff834ff       2c0   4
C$DSEC
                                  fff83500  fff83523        24   4
C$BSEC
                                  fff83524  fff8353b        18   4
C$INIT
                                  fff8353c  fff8353c         0   1
C$VECT
                                  fff8353c  fff8393b       400   4
C$VTBL
                                  fff8393c  fff8393c         0   1
D
                                  fff8393c  fff83faf       674   4
D_1
                                  fff83fb0  fff84009        5a   1
D_2
                                  fff8400a  fff844ed       4e4   2
W
                                  fff844f0  fff844f0         0   4
W_1
                                  fff844f0  fff844f0         0   1
W_2
                                  fff844f0  fff8459b        ac   2
L
                                  fff8459c  fff84674        d9   4
PIntPRG
                                  fff84675  fff84812       19e   1
P
                                  fff84813  fff8a03c      582a   1
FIXEDVECT
                                  ffffff80  ffffffff        80   4
