Renesas Optimizing Linker (W2.06.00 )             09-Apr-2025 07:40:18

*** Options ***

-subcommand=Linkertekuno2.tmp
-noprelink
-input=".\generate\dbsct.obj"
-input=".\generate\hwsetup.obj"
-input=".\generate\intprg.obj"
-input=".\generate\resetprg.obj"
-input=".\generate\sbrk.obj"
-input=".\generate\vecttbl.obj"
-input=".\src\ad.obj"
-input=".\src\auto_play.obj"
-input=".\src\battle.obj"
-input=".\src\clock.obj"
-input=".\src\damage.obj"
-input=".\src\flash.obj"
-input=".\src\game.obj"
-input=".\src\initialize.obj"
-input=".\src\lcd.obj"
-input=".\src\main.obj"
-input=".\src\output_led.obj"
-input=".\src\output_speaker.obj"
-input=".\src\port.obj"
-input=".\src\puzzle.obj"
-input=".\src\sci.obj"
-input=".\src\score.obj"
-input=".\src\sw.obj"
-input=".\src\timer.obj"
-library=".\tekuno2.lib"
-start=SU,SI,B_1,R_1,B_2,R_2,B,R/04,PResetPRG,C_1,C_2,C,C$*,D*,W*,L,PIntPRG,P/0FFF80000,FIXEDVECT/0FFFFFF80
-output="tekuno2.abs"
-form=absolute
-nomessage
-list=tekuno2.map
-nooptimize
-rom=D=R,D_1=R_1,D_2=R_2
-cpu=RAM=00000000-00017fff,FIX=00080000-00083fff,FIX=00086000-00087fff,FIX=00088000-0009ffff,FIX=000a0000-000bffff,ROM=00100000-00107fff,FIX=007fc000-007fc4ff,FIX=007ffc00-007fffff,ROM=fff80000-ffffffff
-nologo

*** Error information ***

*** Mapping List ***

SECTION                            START      END         SIZE   ALIGN

SU
                                  00000004  00000103       100   4
SI
                                  00000104  00000403       300   4
B_1
                                  00000404  00001699      1296   1
R_1
                                  0000169a  00001711        78   1
B_2
                                  00001712  0000175b        4a   2
R_2
                                  0000175c  00001a39       2de   2
B
                                  00001a3c  00001efb       4c0   4
R
                                  00001efc  000023ff       504   4
$ADDR_B_100000
                                  00100000  00100000         1   1
PResetPRG
                                  fff80000  fff8002f        30   1
C_1
                                  fff80030  fff81d70      1d41   1
C_2
                                  fff81d72  fff83b79      1e08   2
C
                                  fff83b7c  fff83f23       3a8   4
C$DSEC
                                  fff83f24  fff83f47        24   4
C$BSEC
                                  fff83f48  fff83f5f        18   4
C$INIT
                                  fff83f60  fff83f60         0   1
C$VECT
                                  fff83f60  fff8435f       400   4
C$VTBL
                                  fff84360  fff84360         0   1
D
                                  fff84360  fff84863       504   4
D_1
                                  fff84864  fff848db        78   1
D_2
                                  fff848dc  fff84bb9       2de   2
W
                                  fff84bbc  fff84bbc         0   4
W_1
                                  fff84bbc  fff84bbc         0   1
W_2
                                  fff84bbc  fff84c63        a8   2
L
                                  fff84c64  fff84da0       13d   4
PIntPRG
                                  fff84da1  fff84f3e       19e   1
P
                                  fff84f3f  fff8adde      5ea0   1
FIXEDVECT
                                  ffffff80  ffffffff        80   4
