Renesas Optimizing Linker (W2.06.00 )             22-Feb-2025 21:23:24

*** Options ***

-subcommand=Linkertekuno2.tmp
-noprelink
-input=".\generate\dbsct.obj"
-input=".\generate\hwsetup.obj"
-input=".\generate\intprg.obj"
-input=".\generate\resetprg.obj"
-input=".\generate\sbrk.obj"
-input=".\generate\vecttbl.obj"
-input=".\src\ad.obj"
-input=".\src\auto_play.obj"
-input=".\src\battle.obj"
-input=".\src\clock.obj"
-input=".\src\damage.obj"
-input=".\src\flash.obj"
-input=".\src\game.obj"
-input=".\src\initialize.obj"
-input=".\src\lcd.obj"
-input=".\src\main.obj"
-input=".\src\output_led.obj"
-input=".\src\output_speaker.obj"
-input=".\src\port.obj"
-input=".\src\puzzle.obj"
-input=".\src\sci.obj"
-input=".\src\sw.obj"
-input=".\src\timer.obj"
-library=".\tekuno2.lib"
-start=SU,SI,B_1,R_1,B_2,R_2,B,R/04,PResetPRG,C_1,C_2,C,C$*,D*,W*,L,PIntPRG,P/0FFF80000,FIXEDVECT/0FFFFFF80
-output="tekuno2.abs"
-form=absolute
-nomessage
-list=tekuno2.map
-nooptimize
-rom=D=R,D_1=R_1,D_2=R_2
-cpu=RAM=00000000-00017fff,FIX=00080000-00083fff,FIX=00086000-00087fff,FIX=00088000-0009ffff,FIX=000a0000-000bffff,ROM=00100000-00107fff,FIX=007fc000-007fc4ff,FIX=007ffc00-007fffff,ROM=fff80000-ffffffff
-nologo

*** Error information ***

*** Mapping List ***

SECTION                            START      END         SIZE   ALIGN

SU
                                  00000004  00000103       100   4
SI
                                  00000104  00000403       300   4
B_1
                                  00000404  00000716       313   1
R_1
                                  00000717  00000771        5b   1
B_2
                                  00000772  00000773         2   2
R_2
                                  00000774  00000c59       4e6   2
B
                                  00000c5c  00001147       4ec   4
R
                                  00001148  000017bb       674   4
PResetPRG
                                  fff80000  fff8002f        30   1
C_1
                                  fff80030  fff81a00      19d1   1
C_2
                                  fff81a02  fff834c9      1ac8   2
C
                                  fff834cc  fff837d3       308   4
C$DSEC
                                  fff837d4  fff837f7        24   4
C$BSEC
                                  fff837f8  fff8380f        18   4
C$INIT
                                  fff83810  fff83810         0   1
C$VECT
                                  fff83810  fff83c0f       400   4
C$VTBL
                                  fff83c10  fff83c10         0   1
D
                                  fff83c10  fff84283       674   4
D_1
                                  fff84284  fff842de        5b   1
D_2
                                  fff842e0  fff847c5       4e6   2
W
                                  fff847c8  fff847c8         0   4
W_1
                                  fff847c8  fff847c8         0   1
W_2
                                  fff847c8  fff8486f        a8   2
L
                                  fff84870  fff84948        d9   4
PIntPRG
                                  fff84949  fff84ae6       19e   1
P
                                  fff84ae7  fff8a370      588a   1
FIXEDVECT
                                  ffffff80  ffffffff        80   4
